parse_change: 1 change(s)
timing: parse_change took 0.0s
resolve: customers -> urn:li:dataset:(urn:li:dataPlatform:dbt,b2fd91.order_entry_db.order_entry.customers,PROD) (search_rank, confidence 0.99)
resolve: 1/1 change(s) mapped to URNs
timing: resolve took 9.6s
lineage: no column-level edges for credit_limit, falling back to table-level
lineage: no query history on the first 5 dataset(s), skipped the remaining 12
lineage: schema checked within 2 hop(s); 15 more distant asset(s) cannot reach RISKY on a schema match alone
lineage: 8 ML entit(ies), 2 of them reachable only through ML aspects, not through get_lineage
lineage: 32 downstream asset(s), 8 ML entit(ies), 0 with query evidence, 0 carrying the column in their schema
timing: lineage took 26.0s
impact: 32 asset(s) - 4 breaking, 5 risky, 23 safe
timing: impact took 0.0s
plan: filled 23 gap(s) from rules
plan: 32 strategy decision(s)
timing: plan took 51.0s
codegen: 3 artifact(s) (attempt 1)
timing: codegen took 0.0s
validate: 3 artifact(s) passed
timing: validate took 0.0s
writeback: dry run - nothing was written to DataHub
timing: writeback took 0.0s
